LCD Size: 800 x 480
LCD Manufacturer: Amulet
LCD Part Number: STK-070C-HP
Touch Panel: STK-CY-07
Init File: Init None
SDRAM Part Number: MT47H128M16RT_25E (4 GBit)
Size of SDRAM: 0x20000000
Size of Serial Data Flash: 0xec580000
Serial Data Flash used by OS: 0x69200
Color Depth: 32

Main_Menu_preCache (GEM page)    Flash Index = 0x20
==================
      Object Name               Object Type            Flash Used (Remaining)    SDRAM Used (Remaining)
      -----------               -----------            ----------------------    ----------------------
      PAGE HEADER                                      0x1f4      (0xec516c08)                                                                
      MultiHref0                Sequenced Functions    0x3c       (0xec516bcc)   0x0        (0x1fc99c9c)                                                       
      No Name                   Meta Object            0x3c       (0xec516b90)   0x0        (0x1fc99c9c)                                            
      No Name                   Cached Image Dir       0xc        (0xec516b84)   0x1c4      (0x1fc99ad8)                                                  
      bus_right_32.png          Cached Image           0xc        (0xec516b78)   0x1a7d8    (0x1fc7f300)                                                         
      bus_right_31.png          Cached Image           0xc        (0xec516b6c)   0x1a7d8    (0x1fc64b28)                                                         
      bus_right_30.png          Cached Image           0xc        (0xec516b60)   0x1a7d8    (0x1fc4a350)                                                         
      bus_right_29.png          Cached Image           0xc        (0xec516b54)   0x1a7d8    (0x1fc2fb78)                                                         
      bus_right_28.png          Cached Image           0xc        (0xec516b48)   0x1a7d8    (0x1fc153a0)                                                         
      bus_right_27.png          Cached Image           0xc        (0xec516b3c)   0x1a7d8    (0x1fbfabc8)                                                         
      bus_right_26.png          Cached Image           0xc        (0xec516b30)   0x1a7d8    (0x1fbe03f0)                                                         
      bus_right_25.png          Cached Image           0xc        (0xec516b24)   0x1a7d8    (0x1fbc5c18)                                                         
      bus_right_24.png          Cached Image           0xc        (0xec516b18)   0x1a7d8    (0x1fbab440)                                                         
      bus_right_23.png          Cached Image           0xc        (0xec516b0c)   0x1a7d8    (0x1fb90c68)                                                         
      bus_right_22.png          Cached Image           0xc        (0xec516b00)   0x1a7d8    (0x1fb76490)                                                         
      bus_right_21.png          Cached Image           0xc        (0xec516af4)   0x1a7d8    (0x1fb5bcb8)                                                         
      bus_right_20.png          Cached Image           0xc        (0xec516ae8)   0x1a7d8    (0x1fb414e0)                                                         
      bus_right_19.png          Cached Image           0xc        (0xec516adc)   0x1a7d8    (0x1fb26d08)                                                         
      bus_right_18.png          Cached Image           0xc        (0xec516ad0)   0x1a7d8    (0x1fb0c530)                                                         
      bus_right_17.png          Cached Image           0xc        (0xec516ac4)   0x1a7d8    (0x1faf1d58)                                                         
      bus_right_16.png          Cached Image           0xc        (0xec516ab8)   0x1a7d8    (0x1fad7580)                                                         
      bus_right_15.png          Cached Image           0xc        (0xec516aac)   0x1a7d8    (0x1fabcda8)                                                         
      bus_right_14.png          Cached Image           0xc        (0xec516aa0)   0x1a7d8    (0x1faa25d0)                                                         
      bus_right_13.png          Cached Image           0xc        (0xec516a94)   0x1a7d8    (0x1fa87df8)                                                         
      bus_right_12.png          Cached Image           0xc        (0xec516a88)   0x1a7d8    (0x1fa6d620)                                                         
      bus_right_11.png          Cached Image           0xc        (0xec516a7c)   0x1a7d8    (0x1fa52e48)                                                         
      bus_right_10.png          Cached Image           0xc        (0xec516a70)   0x1a7d8    (0x1fa38670)                                                         
      bus_right_09.png          Cached Image           0xc        (0xec516a64)   0x1a7d8    (0x1fa1de98)                                                         
      bus_right_08.png          Cached Image           0xc        (0xec516a58)   0x1a7d8    (0x1fa036c0)                                                         
      bus_right_07.png          Cached Image           0xc        (0xec516a4c)   0x1a7d8    (0x1f9e8ee8)                                                         
      bus_right_06.png          Cached Image           0xc        (0xec516a40)   0x1a7d8    (0x1f9ce710)                                                         
      bus_right_05.png          Cached Image           0xc        (0xec516a34)   0x1a7d8    (0x1f9b3f38)                                                         
      bus_right_04.png          Cached Image           0xc        (0xec516a28)   0x1a7d8    (0x1f999760)                                                         
      bus_right_03.png          Cached Image           0xc        (0xec516a1c)   0x1a7d8    (0x1f97ef88)                                                         
      bus_right_02.png          Cached Image           0xc        (0xec516a10)   0x1a7d8    (0x1f9647b0)                                                         
      bus_right_01.png          Cached Image           0xc        (0xec516a04)   0x1a7d8    (0x1f949fd8)                                                         
      degrees.png               Cached Image           0xc        (0xec5169f8)   0x1bc      (0x1f949e1c)                                                  
      9.png                     Cached Image           0xc        (0xec5169ec)   0x145c     (0x1f9489c0)                                             
      8.png                     Cached Image           0xc        (0xec5169e0)   0x145c     (0x1f947564)                                             
      7.png                     Cached Image           0xc        (0xec5169d4)   0x145c     (0x1f946108)                                             
      6.png                     Cached Image           0xc        (0xec5169c8)   0x145c     (0x1f944cac)                                             
      5.png                     Cached Image           0xc        (0xec5169bc)   0x145c     (0x1f943850)                                             
      4.png                     Cached Image           0xc        (0xec5169b0)   0x145c     (0x1f9423f4)                                             
      3.png                     Cached Image           0xc        (0xec5169a4)   0x145c     (0x1f940f98)                                             
      decimal_point.png         Cached Image           0xc        (0xec516998)   0x4c       (0x1f940f4c)                                                       
      2.png                     Cached Image           0xc        (0xec51698c)   0x145c     (0x1f93faf0)                                             
      1.png                     Cached Image           0xc        (0xec516980)   0x145c     (0x1f93e694)                                             
      0.png                     Cached Image           0xc        (0xec516974)   0x145c     (0x1f93d238)                                             
      Level.png                 Cached Image           0xc        (0xec516968)   0x373c     (0x1f939afc)                                                 
      bus_left_16.png           Cached Image           0xc        (0xec51695c)   0x78f04    (0x1f8c0bf8)                                                        
      bus_left_15.png           Cached Image           0xc        (0xec516950)   0x78f04    (0x1f847cf4)                                                        
      bus_left_14.png           Cached Image           0xc        (0xec516944)   0x78f04    (0x1f7cedf0)                                                        
      bus_left_13.png           Cached Image           0xc        (0xec516938)   0x78f04    (0x1f755eec)                                                        
      bus_left_12.png           Cached Image           0xc        (0xec51692c)   0x78f04    (0x1f6dcfe8)                                                        
      bus_left_11.png           Cached Image           0xc        (0xec516920)   0x78f04    (0x1f6640e4)                                                        
      bus_left_10.png           Cached Image           0xc        (0xec516914)   0x78f04    (0x1f5eb1e0)                                                        
      bus_left_09.png           Cached Image           0xc        (0xec516908)   0x78f04    (0x1f5722dc)                                                        
      bus_left_08.png           Cached Image           0xc        (0xec5168fc)   0x78f04    (0x1f4f93d8)                                                        
      bus_left_07.png           Cached Image           0xc        (0xec5168f0)   0x78f04    (0x1f4804d4)                                                        
      bus_left_06.png           Cached Image           0xc        (0xec5168e4)   0x78f04    (0x1f4075d0)                                                        
      bus_left_05.png           Cached Image           0xc        (0xec5168d8)   0x78f04    (0x1f38e6cc)                                                        
      bus_left_04.png           Cached Image           0xc        (0xec5168cc)   0x78f04    (0x1f3157c8)                                                        
      bus_left_03.png           Cached Image           0xc        (0xec5168c0)   0x78f04    (0x1f29c8c4)                                                        
      bus_left_02.png           Cached Image           0xc        (0xec5168b4)   0x78f04    (0x1f2239c0)                                                        
      bus_left_01.png           Cached Image           0xc        (0xec5168a8)   0x78f04    (0x1f1aaabc)                                                        
      releasing.png             Cached Image           0xc        (0xec51689c)   0x7384     (0x1f1a3738)                                                     
      release_down.png          Cached Image           0xc        (0xec516890)   0x541c     (0x1f19e31c)                                                        
      release_up.png            Cached Image           0xc        (0xec516884)   0x541c     (0x1f198f00)                                                      
      Leveling.png              Cached Image           0xc        (0xec516878)   0x65a4     (0x1f19295c)                                                    
      Ready_to_level_down.png   Cached Image           0xc        (0xec51686c)   0x8bdc     (0x1f189d80)                                                               
      Ready_to_level_up.png     Cached Image           0xc        (0xec516860)   0x8bdc     (0x1f1811a4)                                                             
      Left_to_right.png         Cached Image           0xc        (0xec516854)   0x1e40     (0x1f17f364)                                                         
      Front_to_Rear.png         Cached Image           0xc        (0xec516848)   0x214c     (0x1f17d218)                                                         
      Level_bg2.png             Cached Image           0xc        (0xec51683c)   0x177004   (0x1f006214)                                                       
      motorhome_scroller.png    Cached Image           0xc        (0xec516830)   0x2ee004   (0x1ed18210)                                                                
      motorhome_scroller3.png   Cached Image           0xc        (0xec516824)   0x2ee004   (0x1ea2a20c)                                                                 
      scrolling image4_4...jpg  Cached Image           0xc        (0xec516818)   0x753004   (0x1e2d7208)                                                                  
      MK-070C Demo.png          Cached Image           0xc        (0xec51680c)   0xea6004   (0x1d431204)                                                          
      clock.png                 Cached Image           0xc        (0xec516800)   0xed34     (0x1d4224d0)                                                 
      BACK_DOWN.png             Cached Image           0xc        (0xec5167f4)   0xa8ec     (0x1d417be4)                                                     
      BACK_UP.png               Cached Image           0xc        (0xec5167e8)   0xa8ec     (0x1d40d2f8)                                                   
      outdoor.png               Cached Image           0xc        (0xec5167dc)   0x14f04    (0x1d3f83f4)                                                    
      5day.png                  Cached Image           0xc        (0xec5167d0)   0x482bc    (0x1d3b0138)                                                 
      large_9.png               Cached Image           0xc        (0xec5167c4)   0xc0fc     (0x1d3a403c)                                                   
      large_8.png               Cached Image           0xc        (0xec5167b8)   0xc0fc     (0x1d397f40)                                                   
      large_7.png               Cached Image           0xc        (0xec5167ac)   0xc0fc     (0x1d38be44)                                                   
      large_6.png               Cached Image           0xc        (0xec5167a0)   0xc0fc     (0x1d37fd48)                                                   
      large_5.png               Cached Image           0xc        (0xec516794)   0xc0fc     (0x1d373c4c)                                                   
      large_4.png               Cached Image           0xc        (0xec516788)   0xc0fc     (0x1d367b50)                                                   
      large_3.png               Cached Image           0xc        (0xec51677c)   0xc0fc     (0x1d35ba54)                                                   
      large_2.png               Cached Image           0xc        (0xec516770)   0xc0fc     (0x1d34f958)                                                   
      large_1.png               Cached Image           0xc        (0xec516764)   0xc0fc     (0x1d34385c)                                                   
      large_0.png               Cached Image           0xc        (0xec516758)   0xc0fc     (0x1d337760)                                                   
      small_9.png               Cached Image           0xc        (0xec51674c)   0x5c4      (0x1d33719c)                                                  
      small_8.png               Cached Image           0xc        (0xec516740)   0x5c4      (0x1d336bd8)                                                  
      small_7.png               Cached Image           0xc        (0xec516734)   0x5c4      (0x1d336614)                                                  
      small_6.png               Cached Image           0xc        (0xec516728)   0x5c4      (0x1d336050)                                                  
      small_5.png               Cached Image           0xc        (0xec51671c)   0x5c4      (0x1d335a8c)                                                  
      small_4.png               Cached Image           0xc        (0xec516710)   0x5c4      (0x1d3354c8)                                                  
      small_3.png               Cached Image           0xc        (0xec516704)   0x5c4      (0x1d334f04)                                                  
      small_2.png               Cached Image           0xc        (0xec5166f8)   0x5c4      (0x1d334940)                                                  
      small_1.png               Cached Image           0xc        (0xec5166ec)   0x5c4      (0x1d33437c)                                                  
      small_0.png               Cached Image           0xc        (0xec5166e0)   0x5c4      (0x1d333db8)                                                  
      degree.png                Cached Image           0xc        (0xec5166d4)   0x5f4      (0x1d3337c4)                                                 
      indoor.png                Cached Image           0xc        (0xec5166c8)   0x44ac     (0x1d32f318)                                                  
      Down_pressed.png          Cached Image           0xc        (0xec5166bc)   0x1e310    (0x1d311008)                                                         
      Down_unpressed.png        Cached Image           0xc        (0xec5166b0)   0x1e310    (0x1d2f2cf8)                                                           
      Up_pressed.png            Cached Image           0xc        (0xec5166a4)   0x1e310    (0x1d2d49e8)                                                       
      Up_unpressed.png          Cached Image           0xc        (0xec516698)   0x1e310    (0x1d2b66d8)                                                         
      SNOW_UP.png               Cached Image           0xc        (0xec51668c)   0x6a5c     (0x1d2afc7c)                                                   
      HEAT_UP.png               Cached Image           0xc        (0xec516680)   0x6a5c     (0x1d2a9220)                                                   
      TextureColored_Arcs.png   Cached Image           0xc        (0xec516674)   0x177004   (0x1d13221c)                                                                 
      BlueRain.gif              Cached Image           0xc        (0xec516668)   0xbb804    (0x1d076a18)                                                     
      car_scroller_butto...png  Cached Image           0xc        (0xec51665c)   0x14d14    (0x1d061d04)                                                                 
      HVAC.png                  Cached Image           0xc        (0xec516650)   0x14d14    (0x1d04cff0)                                                 
      MainMenu_BG.png           Cached Image           0xc        (0xec516644)   0x177004   (0x1ced5fec)                                                         
      Bitstream Vera Sans_12    Cached Font            0x0        (0xec516644)   0x99c      (0x1ced5650)                                                            
      Bitstream Vera Sans_18    Cached Font            0x0        (0xec516644)   0x1154     (0x1ced44fc)                                                             
      PAGE FOOTER                                      0x2        (0xec516642)                                                              
                                                       ----------------------    ----------------------
                                               Totals  0x7ba      (0xec516642)   0x2dc57a0  (0x1ced44fc)                                     


Main_Menu (GEM page)    Flash Index = 0x21
=========
      Object Name               Object Type            Flash Used (Remaining)    SDRAM Used (Remaining)
      -----------               -----------            ----------------------    ----------------------
      PAGE HEADER                                      0x70       (0xec51658c)                                                               
      MultiHref0                Multiple Functions     0x24       (0xec516568)   0x0        (0x1ced44fc)                                                      
      startCheckForBounce       Meta Object            0x3c       (0xec51652c)   0x0        (0x1ced44fc)                                                        
      MultiHref2                Multiple Functions     0x24       (0xec516508)   0x0        (0x1ced44fc)                                                      
      startBoing                Meta Object            0x3c       (0xec5164cc)   0x0        (0x1ced44fc)                                               
      MultiHref4                Multiple Functions     0x24       (0xec5164a8)   0x0        (0x1ced44fc)                                                      
      startTrackingDelay        Meta Object            0x3c       (0xec51646c)   0x0        (0x1ced44fc)                                                       
      MultiHref6                Multiple Functions     0x24       (0xec516448)   0x0        (0x1ced44fc)                                                      
      startTracking             Meta Object            0x3c       (0xec51640c)   0x0        (0x1ced44fc)                                                  
      BG                        Image                  0x20       (0xec5163ec)   0x0        (0x1ced44fc)                                 
      HVAC                      Image                  0x20       (0xec5163cc)   0x0        (0x1ced44fc)                                   
      MultiHref10               Multiple Functions     0x54       (0xec516378)   0x0        (0x1ced44fc)                                                       
      MultiHref11               Multiple Functions     0x44       (0xec516334)   0x0        (0x1ced44fc)                                                       
      HVAC_Touch                Touch Area             0x64       (0xec5162d0)   0x0        (0x1ced44fc)                                              
      toSlideshowScroller       Custom Button          0x64       (0xec51626c)   0xfff0     (0x1cec450c)                                                             
      toPresentationScroller    Custom Button          0x64       (0xec516208)   0x9920     (0x1cebabec)                                                                
      Automotive                Image                  0x20       (0xec5161e8)   0x0        (0x1cebabec)                                         
      Automotive_touch          Touch Area             0x3c       (0xec5161ac)   0x0        (0x1cebabec)                                                    
      MultiHref17               Multiple Functions     0x24       (0xec516188)   0x0        (0x1cebabec)                                                       
      Automotive_scroller       ImageScroller          0x74       (0xec516114)   0x6c600    (0x1ce4e5ec)                                                              
      GEMscript                 GEMscript              0x2dc8     (0xec51334c)   0x0        (0x1ce4e5ec)                                              
      PAGE FOOTER                                      0x2        (0xec51334a)                                                              
                                                       ----------------------    ----------------------
                                               Totals  0x32b2     (0xec51334a)   0x85f10    (0x1ce4e5ec)                                    


Thermostat (GEM page)    Flash Index = 0x22
==========
      Object Name               Object Type            Flash Used (Remaining)    SDRAM Used (Remaining)
      -----------               -----------            ----------------------    ----------------------
      PAGE HEADER                                      0xb8       (0xec513144)                                                               
      MultiHref0                Multiple Functions     0x24       (0xec513120)   0x0        (0x1ced44fc)                                                      
      SliderTouched             Meta Object            0x3c       (0xec5130e4)   0x0        (0x1ced44fc)                                                  
      MultiHref2                Sequenced Functions    0x1c       (0xec5130c8)   0x0        (0x1ced44fc)                                                       
      SliderTouched             Meta Object            0x58       (0xec513070)   0x0        (0x1ced44fc)                                                  
        IWC of SliderTouched    IWC Object             0x24       (0xec51304c)   0x0        (0x1ced44fc)                                                          
      rainloop01_1              Image                  0x20       (0xec51302c)   0x0        (0x1ced44fc)                                           
      TextureColored_1          Image                  0x20       (0xec51300c)   0x0        (0x1ced44fc)                                               
      MultiHref7                Multiple Functions     0x34       (0xec512fd8)   0x0        (0x1ced44fc)                                                      
      SliderTouch               Touch Area             0x50       (0xec512f88)   0x0        (0x1ced44fc)                                               
      HeatSlider                Image                  0x20       (0xec512f68)   0x0        (0x1ced44fc)                                         
      CoolSlider                Image                  0x20       (0xec512f48)   0x0        (0x1ced44fc)                                         
      MultiHref11               Multiple Functions     0x24       (0xec512f24)   0x0        (0x1ced44fc)                                                       
      CustomButton_1            Custom Button          0x64       (0xec512ec0)   0x0        (0x1ced44fc)                                                     
      MultiHref13               Multiple Functions     0x24       (0xec512e9c)   0x0        (0x1ced44fc)                                                       
      CustomButton_2            Custom Button          0x64       (0xec512e38)   0x0        (0x1ced44fc)                                                     
      indoor_1                  Image                  0x20       (0xec512e18)   0x0        (0x1ced44fc)                                       
      degree_1                  Image                  0x20       (0xec512df8)   0x0        (0x1ced44fc)                                       
      HeatTens                  Image Sequence         0x68       (0xec512d90)   0x0        (0x1ced44fc)                                                
        UART of HeatTens        UART Object            0x24       (0xec512d6c)   0x0        (0x1ced44fc)                                                       
      HeatOnes                  Image Sequence         0x338      (0xec512a34)   0x0        (0x1ced44fc)                                                 
        UART of HeatOnes        UART Object            0x24       (0xec512a10)   0x0        (0x1ced44fc)                                                       
      CoolTens                  Image Sequence         0x68       (0xec5129a8)   0x0        (0x1ced44fc)                                                
        UART of CoolTens        UART Object            0x24       (0xec512984)   0x0        (0x1ced44fc)                                                       
      CoolOnes                  Image Sequence         0x338      (0xec51264c)   0x0        (0x1ced44fc)                                                 
        UART of CoolOnes        UART Object            0x24       (0xec512628)   0x0        (0x1ced44fc)                                                       
      IndoorTens                Image Sequence         0x68       (0xec5125c0)   0x0        (0x1ced44fc)                                                  
        UART of IndoorTens      UART Object            0x24       (0xec51259c)   0x0        (0x1ced44fc)                                                         
      IndoorOnes                Image Sequence         0x338      (0xec512264)   0x0        (0x1ced44fc)                                                   
        UART of IndoorOnes      UART Object            0x24       (0xec512240)   0x0        (0x1ced44fc)                                                         
      foreCast_5day             Image                  0x20       (0xec512220)   0x0        (0x1ced44fc)                                            
      MultiHref30               Multiple Functions     0x2c       (0xec5121f4)   0x0        (0x1ced44fc)                                                       
      forecastCancel            Touch Area             0x3c       (0xec5121b8)   0x0        (0x1ced44fc)                                                  
      MultiHref32               Multiple Functions     0x2c       (0xec51218c)   0x0        (0x1ced44fc)                                                       
      forecastBtn               Custom Button          0x64       (0xec512128)   0x16820    (0x1cebdcdc)                                                      
      outdoor                   Image                  0x20       (0xec512108)   0x0        (0x1cebdcdc)                                      
      backBtn                   Custom Button          0x64       (0xec5120a4)   0x0        (0x1cebdcdc)                                              
      clock_1                   Image                  0x20       (0xec512084)   0x0        (0x1cebdcdc)                                      
      GEMscript                 GEMscript              0x2c54     (0xec50f430)   0x0        (0x1cebdcdc)                                              
      PAGE FOOTER                                      0x2        (0xec50f42e)                                                              
                                                       ----------------------    ----------------------
                                               Totals  0x3dce     (0xec50f42e)   0x16820    (0x1cebdcdc)                                    


ppt (GEM page)    Flash Index = 0x23
===
      Object Name               Object Type            Flash Used (Remaining)    SDRAM Used (Remaining)
      -----------               -----------            ----------------------    ----------------------
      PAGE HEADER                                      0x28       (0xec50f3d4)                                                               
      Bot_1                     ImageScroller          0x74       (0xec50f360)   0xea6000   (0x1c02e4fc)                                                 
      MyTouchArea_1             Touch Area             0x3c       (0xec50f324)   0x0        (0x1c02e4fc)                                                 
      PAGE FOOTER                                      0x2        (0xec50f322)                                                              
                                                       ----------------------    ----------------------
                                               Totals  0xda       (0xec50f322)   0xea6000   (0x1c02e4fc)                                   


ImageScroller (GEM page)    Flash Index = 0x24
=============
      Object Name               Object Type            Flash Used (Remaining)    SDRAM Used (Remaining)
      -----------               -----------            ----------------------    ----------------------
      PAGE HEADER                                      0x28       (0xec50f1d4)                                                               
      TempScroller_1            ImageScroller          0x74       (0xec50f160)   0x753000   (0x1c7814fc)                                                          
      MyTouchArea_1             Touch Area             0x3c       (0xec50f124)   0x0        (0x1c7814fc)                                                 
      PAGE FOOTER                                      0x2        (0xec50f122)                                                              
                                                       ----------------------    ----------------------
                                               Totals  0xda       (0xec50f122)   0x753000   (0x1c7814fc)                                   


Motor_coach_home (GEM page)    Flash Index = 0x25
================
      Object Name               Object Type            Flash Used (Remaining)    SDRAM Used (Remaining)
      -----------               -----------            ----------------------    ----------------------
      PAGE HEADER                                      0xa8       (0xec50ef54)                                                               
      MultiHref0                Multiple Functions     0x6c       (0xec50eee8)   0x0        (0x1ced44fc)                                                      
      MultiHref1                Multiple Functions     0x6c       (0xec50ee7c)   0x0        (0x1ced44fc)                                                      
      Meta1                     Meta Object            0x58       (0xec50ee24)   0x0        (0x1ced44fc)                                          
        IWC of Meta1            IWC Object             0x24       (0xec50ee00)   0x0        (0x1ced44fc)                                                  
      MultiHref4                Multiple Functions     0x3c       (0xec50edc4)   0x0        (0x1ced44fc)                                                      
      Meta2                     Meta Object            0x3c       (0xec50ed88)   0x0        (0x1ced44fc)                                          
        IWC of Meta2            IWC Object             0x24       (0xec50ed64)   0x0        (0x1ced44fc)                                                  
      MultiHref7                Multiple Functions     0x44       (0xec50ed20)   0x0        (0x1ced44fc)                                                      
      MultiHref8                Multiple Functions     0x34       (0xec50ecec)   0x0        (0x1ced44fc)                                                      
      cabin_menu_fadeIn         Meta Object            0x58       (0xec50ec94)   0x0        (0x1ced44fc)                                                      
        IWC of cabin_men...eIn  IWC Object             0x24       (0xec50ec70)   0x0        (0x1ced44fc)                                                            
      MultiHref11               Multiple Functions     0x3c       (0xec50ec34)   0x0        (0x1ced44fc)                                                       
      MultiHref12               Multiple Functions     0x34       (0xec50ec00)   0x0        (0x1ced44fc)                                                       
      chasis_menu_fadeIn        Meta Object            0x58       (0xec50eba8)   0x0        (0x1ced44fc)                                                       
        IWC of chasis_me...eIn  IWC Object             0x24       (0xec50eb84)   0x0        (0x1ced44fc)                                                            
      TouchBlock1               Meta Object            0x3c       (0xec50eb48)   0x0        (0x1ced44fc)                                                
        IWC of TouchBlock1      IWC Object             0x24       (0xec50eb24)   0x0        (0x1ced44fc)                                                        
      MultiHref17               Multiple Functions     0x1c       (0xec50eb08)   0x0        (0x1ced44fc)                                                       
      TouchBlock2               Meta Object            0x3c       (0xec50eacc)   0x0        (0x1ced44fc)                                                
        IWC of TouchBlock2      IWC Object             0x24       (0xec50eaa8)   0x0        (0x1ced44fc)                                                        
      MultiHref20               Multiple Functions     0x2c       (0xec50ea7c)   0x0        (0x1ced44fc)                                                       
      MyImageScroller_1         ImageScroller          0x74       (0xec50ea08)   0x2ee000   (0x1cbe64fc)                                                             
      MultiHref22               Multiple Functions     0x2c       (0xec50e9dc)   0x0        (0x1cbe64fc)                                                       
      MyImageScroller_2         ImageScroller          0x74       (0xec50e968)   0x2ee000   (0x1c8f84fc)                                                             
      cabin_menu                Image                  0x20       (0xec50e948)   0x8cc44    (0x1c86b8b8)                                             
      TouchBlock                Touch Area             0x28       (0xec50e920)   0x0        (0x1c86b8b8)                                              
      chasis_menu               Image                  0x20       (0xec50e900)   0x93888    (0x1c7d8030)                                              
      leveling_down             Image                  0x20       (0xec50e8e0)   0xb280     (0x1c7ccdb0)                                               
      MultiHref28               Multiple Functions     0x24       (0xec50e8bc)   0x0        (0x1c7ccdb0)                                                       
      Leveling_touch            Touch Area             0x78       (0xec50e844)   0x0        (0x1c7ccdb0)                                                  
      Back_Seq                  Image Sequence         0x28       (0xec50e81c)   0x0        (0x1c7ccdb0)                                                
        UART of Back_Seq        UART Object            0x24       (0xec50e7f8)   0x0        (0x1c7ccdb0)                                                       
      Back                      Touch Area             0x78       (0xec50e780)   0x0        (0x1c7ccdb0)                                        
      GEMscript                 GEMscript              0x308      (0xec50e478)   0x0        (0x1c7ccdb0)                                             
      PAGE FOOTER                                      0x2        (0xec50e476)                                                              
                                                       ----------------------    ----------------------
                                               Totals  0xb86      (0xec50e476)   0x70774c   (0x1c7ccdb0)                                    


Level (GEM page)    Flash Index = 0x26
=====
      Object Name               Object Type            Flash Used (Remaining)    SDRAM Used (Remaining)
      -----------               -----------            ----------------------    ----------------------
      PAGE HEADER                                      0xa4       (0xec50e358)                                                               
      MultiHref0                Multiple Functions     0x24       (0xec50e334)   0x0        (0x1ced44fc)                                                      
      ReleaseTimer              Meta Object            0x3c       (0xec50e2f8)   0x0        (0x1ced44fc)                                                 
      MultiHref2                Multiple Functions     0x24       (0xec50e2d4)   0x0        (0x1ced44fc)                                                      
      LevelerTimer              Meta Object            0x3c       (0xec50e298)   0x0        (0x1ced44fc)                                                 
      JumpTimer                 Meta Object            0x3c       (0xec50e25c)   0x0        (0x1ced44fc)                                              
      Level_bg_1                Image                  0x20       (0xec50e23c)   0x0        (0x1ced44fc)                                         
      Front_to_Rear_1           Image                  0x20       (0xec50e21c)   0x0        (0x1ced44fc)                                              
      Left_to_right_1           Image                  0x20       (0xec50e1fc)   0x0        (0x1ced44fc)                                              
      MultiHref8                Multiple Functions     0x2c       (0xec50e1d0)   0x0        (0x1ced44fc)                                                      
      ReadyToLevel              Custom Button          0x64       (0xec50e16c)   0x0        (0x1ced44fc)                                                   
      Leveling                  Image                  0x20       (0xec50e14c)   0x0        (0x1ced44fc)                                       
      MultiHref11               Multiple Functions     0x44       (0xec50e108)   0x0        (0x1ced44fc)                                                       
      Release                   Custom Button          0x64       (0xec50e0a4)   0x0        (0x1ced44fc)                                              
      releasing                 Image                  0x20       (0xec50e084)   0x0        (0x1ced44fc)                                        
      F2R                       Image Sequence         0x98       (0xec50dfec)   0x0        (0x1ced44fc)                                           
        IWC of F2R              IWC Object             0x24       (0xec50dfc8)   0x0        (0x1ced44fc)                                                
      Level                     Image                  0x20       (0xec50dfa8)   0x0        (0x1ced44fc)                                    
      F2R_tens                  Image Sequence         0x30       (0xec50df78)   0x0        (0x1ced44fc)                                                
        IWC of F2R_tens         IWC Object             0x24       (0xec50df54)   0x0        (0x1ced44fc)                                                     
      decimal_point_1           Image                  0x20       (0xec50df34)   0x0        (0x1ced44fc)                                              
      F2R_ones                  Image Sequence         0x108      (0xec50de2c)   0x0        (0x1ced44fc)                                                 
        IWC of F2R_ones         IWC Object             0x24       (0xec50de08)   0x0        (0x1ced44fc)                                                     
      degrees_1                 Image                  0x20       (0xec50dde8)   0x0        (0x1ced44fc)                                        
      L2R                       Image Sequence         0x118      (0xec50dcd0)   0x0        (0x1ced44fc)                                            
        IWC of L2R              IWC Object             0x24       (0xec50dcac)   0x0        (0x1ced44fc)                                                
      L2R_tens                  Image Sequence         0x50       (0xec50dc5c)   0x0        (0x1ced44fc)                                                
        IWC of L2R_tens         IWC Object             0x24       (0xec50dc38)   0x0        (0x1ced44fc)                                                     
      decimal_point_2           Image                  0x20       (0xec50dc18)   0x0        (0x1ced44fc)                                              
      L2R_ones                  Image Sequence         0x208      (0xec50da10)   0x0        (0x1ced44fc)                                                 
        IWC of L2R_ones         IWC Object             0x24       (0xec50d9ec)   0x0        (0x1ced44fc)                                                     
      Level_2                   Image                  0x20       (0xec50d9cc)   0x0        (0x1ced44fc)                                      
      degrees_2                 Image                  0x20       (0xec50d9ac)   0x0        (0x1ced44fc)                                        
      GEMscript                 GEMscript              0xb54      (0xec50ce58)   0x0        (0x1ced44fc)                                             
      PAGE FOOTER                                      0x2        (0xec50ce56)                                                              
                                                       ----------------------    ----------------------
                                               Totals  0x15a6     (0xec50ce56)   0x0        (0x1ced44fc)                                


bus_right_32.png (Image File)    Flash Index = 0x27
================
                                                       Flash Used (Remaining)
                                                       ----------------------
                                                       0x105de    (0xec4fc822)                                                 


bus_right_31.png (Image File)    Flash Index = 0x28
================
                                                       Flash Used (Remaining)
                                                       ----------------------
                                                       0x10d2e    (0xec4ebad2)                                                 


bus_right_30.png (Image File)    Flash Index = 0x29
================
                                                       Flash Used (Remaining)
                                                       ----------------------
                                                       0x10d2e    (0xec4dacd2)                                                 


bus_right_29.png (Image File)    Flash Index = 0x2a
================
                                                       Flash Used (Remaining)
                                                       ----------------------
                                                       0x10d7e    (0xec4c9e82)                                                 


bus_right_28.png (Image File)    Flash Index = 0x2b
================
                                                       Flash Used (Remaining)
                                                       ----------------------
                                                       0x10d86    (0xec4b907a)                                                 


bus_right_27.png (Image File)    Flash Index = 0x2c
================
                                                       Flash Used (Remaining)
                                                       ----------------------
                                                       0x10d1a    (0xec4a82e6)                                                 


bus_right_26.png (Image File)    Flash Index = 0x2d
================
                                                       Flash Used (Remaining)
                                                       ----------------------
                                                       0x10d0e    (0xec4974f2)                                                 


bus_right_25.png (Image File)    Flash Index = 0x2e
================
                                                       Flash Used (Remaining)
                                                       ----------------------
                                                       0x10dae    (0xec486652)                                                 


bus_right_24.png (Image File)    Flash Index = 0x2f
================
                                                       Flash Used (Remaining)
                                                       ----------------------
                                                       0x10d96    (0xec47586a)                                                 


bus_right_23.png (Image File)    Flash Index = 0x30
================
                                                       Flash Used (Remaining)
                                                       ----------------------
                                                       0x10d8a    (0xec464a76)                                                 


bus_right_22.png (Image File)    Flash Index = 0x31
================
                                                       Flash Used (Remaining)
                                                       ----------------------
                                                       0x10d0a    (0xec453cf6)                                                 


bus_right_21.png (Image File)    Flash Index = 0x32
================
                                                       Flash Used (Remaining)
                                                       ----------------------
                                                       0x10d8a    (0xec442e76)                                                 


bus_right_20.png (Image File)    Flash Index = 0x33
================
                                                       Flash Used (Remaining)
                                                       ----------------------
                                                       0x10d6a    (0xec432096)                                                 


bus_right_19.png (Image File)    Flash Index = 0x34
================
                                                       Flash Used (Remaining)
                                                       ----------------------
                                                       0x10d7e    (0xec421282)                                                 


bus_right_18.png (Image File)    Flash Index = 0x35
================
                                                       Flash Used (Remaining)
                                                       ----------------------
                                                       0x10d92    (0xec41046e)                                                 


bus_right_17.png (Image File)    Flash Index = 0x36
================
                                                       Flash Used (Remaining)
                                                       ----------------------
                                                       0x10d82    (0xec3ff67e)                                                 


bus_right_16.png (Image File)    Flash Index = 0x37
================
                                                       Flash Used (Remaining)
                                                       ----------------------
                                                       0x10d72    (0xec3ee88e)                                                 


bus_right_15.png (Image File)    Flash Index = 0x38
================
                                                       Flash Used (Remaining)
                                                       ----------------------
                                                       0x10d2a    (0xec3ddad6)                                                 


bus_right_14.png (Image File)    Flash Index = 0x39
================
                                                       Flash Used (Remaining)
                                                       ----------------------
                                                       0x10cd2    (0xec3ccd2e)                                                 


bus_right_13.png (Image File)    Flash Index = 0x3a
================
                                                       Flash Used (Remaining)
                                                       ----------------------
                                                       0x10c6e    (0xec3bbf92)                                                 


bus_right_12.png (Image File)    Flash Index = 0x3b
================
                                                       Flash Used (Remaining)
                                                       ----------------------
                                                       0x10c5a    (0xec3ab1a6)                                                 


bus_right_11.png (Image File)    Flash Index = 0x3c
================
                                                       Flash Used (Remaining)
                                                       ----------------------
                                                       0x10c62    (0xec39a39e)                                                 


bus_right_10.png (Image File)    Flash Index = 0x3d
================
                                                       Flash Used (Remaining)
                                                       ----------------------
                                                       0x10c02    (0xec3895fe)                                                 


bus_right_09.png (Image File)    Flash Index = 0x3e
================
                                                       Flash Used (Remaining)
                                                       ----------------------
                                                       0x10c4e    (0xec3787b2)                                                 


bus_right_08.png (Image File)    Flash Index = 0x3f
================
                                                       Flash Used (Remaining)
                                                       ----------------------
                                                       0x10c12    (0xec3679ee)                                                 


bus_right_07.png (Image File)    Flash Index = 0x40
================
                                                       Flash Used (Remaining)
                                                       ----------------------
                                                       0x10bd2    (0xec356c2e)                                                 


bus_right_06.png (Image File)    Flash Index = 0x41
================
                                                       Flash Used (Remaining)
                                                       ----------------------
                                                       0x10b7e    (0xec346082)                                                 


bus_right_05.png (Image File)    Flash Index = 0x42
================
                                                       Flash Used (Remaining)
                                                       ----------------------
                                                       0x10b82    (0xec33547e)                                                 


bus_right_04.png (Image File)    Flash Index = 0x43
================
                                                       Flash Used (Remaining)
                                                       ----------------------
                                                       0x10b3e    (0xec3248c2)                                                 


bus_right_03.png (Image File)    Flash Index = 0x44
================
                                                       Flash Used (Remaining)
                                                       ----------------------
                                                       0x10b7e    (0xec313c82)                                                 


bus_right_02.png (Image File)    Flash Index = 0x45
================
                                                       Flash Used (Remaining)
                                                       ----------------------
                                                       0x10b9a    (0xec303066)                                                 


bus_right_01.png (Image File)    Flash Index = 0x46
================
                                                       Flash Used (Remaining)
                                                       ----------------------
                                                       0xf52e     (0xec2f3ad2)                                                


degrees.png (Image File)    Flash Index = 0x47
===========
                                                       Flash Used (Remaining)
                                                       ----------------------
                                                       0xf2       (0xec2f390e)                                              


9.png (Image File)    Flash Index = 0x48
=====
                                                       Flash Used (Remaining)
                                                       ----------------------
                                                       0x54e      (0xec2f32b2)                                               


8.png (Image File)    Flash Index = 0x49
=====
                                                       Flash Used (Remaining)
                                                       ----------------------
                                                       0x55a      (0xec2f2ca6)                                               


7.png (Image File)    Flash Index = 0x4a
=====
                                                       Flash Used (Remaining)
                                                       ----------------------
                                                       0x296      (0xec2f296a)                                               


6.png (Image File)    Flash Index = 0x4b
=====
                                                       Flash Used (Remaining)
                                                       ----------------------
                                                       0x53a      (0xec2f22c6)                                               


5.png (Image File)    Flash Index = 0x4c
=====
                                                       Flash Used (Remaining)
                                                       ----------------------
                                                       0x3fe      (0xec2f1e02)                                               


4.png (Image File)    Flash Index = 0x4d
=====
                                                       Flash Used (Remaining)
                                                       ----------------------
                                                       0x212      (0xec2f1bee)                                               


3.png (Image File)    Flash Index = 0x4e
=====
                                                       Flash Used (Remaining)
                                                       ----------------------
                                                       0x4ee      (0xec2f1512)                                               


decimal_point.png (Image File)    Flash Index = 0x4f
=================
                                                       Flash Used (Remaining)
                                                       ----------------------
                                                       0x1e       (0xec2f13e2)                                              


2.png (Image File)    Flash Index = 0x50
=====
                                                       Flash Used (Remaining)
                                                       ----------------------
                                                       0x40a      (0xec2f0df6)                                               


1.png (Image File)    Flash Index = 0x51
=====
                                                       Flash Used (Remaining)
                                                       ----------------------
                                                       0xfe       (0xec2f0b02)                                              


0.png (Image File)    Flash Index = 0x52
=====
                                                       Flash Used (Remaining)
                                                       ----------------------
                                                       0x44e      (0xec2f05b2)                                               


Level.png (Image File)    Flash Index = 0x53
=========
                                                       Flash Used (Remaining)
                                                       ----------------------
                                                       0x67a      (0xec2efd86)                                               


bus_left_16.png (Image File)    Flash Index = 0x54
===============
                                                       Flash Used (Remaining)
                                                       ----------------------
                                                       0x43ad2    (0xec2ac12e)                                                 


bus_left_15.png (Image File)    Flash Index = 0x55
===============
                                                       Flash Used (Remaining)
                                                       ----------------------
                                                       0x46172    (0xec265e8e)                                                 


bus_left_14.png (Image File)    Flash Index = 0x56
===============
                                                       Flash Used (Remaining)
                                                       ----------------------
                                                       0x460c2    (0xec21fd3e)                                                 


bus_left_13.png (Image File)    Flash Index = 0x57
===============
                                                       Flash Used (Remaining)
                                                       ----------------------
                                                       0x461fe    (0xec1d9a02)                                                 


bus_left_12.png (Image File)    Flash Index = 0x58
===============
                                                       Flash Used (Remaining)
                                                       ----------------------
                                                       0x4603e    (0xec1939c2)                                                 


bus_left_11.png (Image File)    Flash Index = 0x59
===============
                                                       Flash Used (Remaining)
                                                       ----------------------
                                                       0x461b2    (0xec14d64e)                                                 


bus_left_10.png (Image File)    Flash Index = 0x5a
===============
                                                       Flash Used (Remaining)
                                                       ----------------------
                                                       0x46096    (0xec10756a)                                                 


bus_left_09.png (Image File)    Flash Index = 0x5b
===============
                                                       Flash Used (Remaining)
                                                       ----------------------
                                                       0x45fa2    (0xec0c145e)                                                 


bus_left_08.png (Image File)    Flash Index = 0x5c
===============
                                                       Flash Used (Remaining)
                                                       ----------------------
                                                       0x460f6    (0xec07b30a)                                                 


bus_left_07.png (Image File)    Flash Index = 0x5d
===============
                                                       Flash Used (Remaining)
                                                       ----------------------
                                                       0x45e26    (0xec0353da)                                                 


bus_left_06.png (Image File)    Flash Index = 0x5e
===============
                                                       Flash Used (Remaining)
                                                       ----------------------
                                                       0x45b7e    (0xebfef682)                                                 


bus_left_05.png (Image File)    Flash Index = 0x5f
===============
                                                       Flash Used (Remaining)
                                                       ----------------------
                                                       0x459da    (0xebfa9c26)                                                 


bus_left_04.png (Image File)    Flash Index = 0x60
===============
                                                       Flash Used (Remaining)
                                                       ----------------------
                                                       0x458f2    (0xebf6430e)                                                 


bus_left_03.png (Image File)    Flash Index = 0x61
===============
                                                       Flash Used (Remaining)
                                                       ----------------------
                                                       0x454b2    (0xebf1ed4e)                                                 


bus_left_02.png (Image File)    Flash Index = 0x62
===============
                                                       Flash Used (Remaining)
                                                       ----------------------
                                                       0x45102    (0xebed9afe)                                                 


bus_left_01.png (Image File)    Flash Index = 0x63
===============
                                                       Flash Used (Remaining)
                                                       ----------------------
                                                       0x3ce9a    (0xebe9cb66)                                                 


releasing.png (Image File)    Flash Index = 0x64
=============
                                                       Flash Used (Remaining)
                                                       ----------------------
                                                       0x2ba6     (0xebe99e5a)                                                


release_down.png (Image File)    Flash Index = 0x65
================
                                                       Flash Used (Remaining)
                                                       ----------------------
                                                       0x21c2     (0xebe97c3e)                                                


release_up.png (Image File)    Flash Index = 0x66
==============
                                                       Flash Used (Remaining)
                                                       ----------------------
                                                       0x1b6a     (0xebe96096)                                                


Leveling.png (Image File)    Flash Index = 0x67
============
                                                       Flash Used (Remaining)
                                                       ----------------------
                                                       0x241a     (0xebe93be6)                                                


Ready_to_level_down.png (Image File)    Flash Index = 0x68
=======================
                                                       Flash Used (Remaining)
                                                       ----------------------
                                                       0x359e     (0xebe90462)                                                


Ready_to_level_up.png (Image File)    Flash Index = 0x69
=====================
                                                       Flash Used (Remaining)
                                                       ----------------------
                                                       0x2a12     (0xebe8d9ee)                                                


Left_to_right.png (Image File)    Flash Index = 0x6a
=================
                                                       Flash Used (Remaining)
                                                       ----------------------
                                                       0x7da      (0xebe8d026)                                               


Front_to_Rear.png (Image File)    Flash Index = 0x6b
=================
                                                       Flash Used (Remaining)
                                                       ----------------------
                                                       0xa42      (0xebe8c5be)                                               


Level_bg2.png (Image File)    Flash Index = 0x6c
=============
                                                       Flash Used (Remaining)
                                                       ----------------------
                                                       0xbaffe    (0xebdd1402)                                                 


motorhome_scroller.png (Image File)    Flash Index = 0x6d
======================
                                                       Flash Used (Remaining)
                                                       ----------------------
                                                       0x2b8586   (0xebb18e7a)                                                  


motorhome_scroller3.png (Image File)    Flash Index = 0x6e
=======================
                                                       Flash Used (Remaining)
                                                       ----------------------
                                                       0x2b711a   (0xeb861ce6)                                                  


scrolling image4_4000x480_jpegtran.jpg (Image File)    Flash Index = 0x6f
======================================
                                                       Flash Used (Remaining)
                                                       ----------------------
                                                       0xd517a    (0xeb78ca86)                                                 


MK-070C Demo.png (Image File)    Flash Index = 0x70
================
                                                       Flash Used (Remaining)
                                                       ----------------------
                                                       0x4f028a   (0xeb29c776)                                                  


clock.png (Image File)    Flash Index = 0x71
=========
                                                       Flash Used (Remaining)
                                                       ----------------------
                                                       0x2a66     (0xeb299b9a)                                                


BACK_DOWN.png (Image File)    Flash Index = 0x72
=============
                                                       Flash Used (Remaining)
                                                       ----------------------
                                                       0x1c56     (0xeb297daa)                                                


BACK_UP.png (Image File)    Flash Index = 0x73
===========
                                                       Flash Used (Remaining)
                                                       ----------------------
                                                       0xa42      (0xeb2971be)                                               


outdoor.png (Image File)    Flash Index = 0x74
===========
                                                       Flash Used (Remaining)
                                                       ----------------------
                                                       0x2de6     (0xeb29421a)                                                


5day.png (Image File)    Flash Index = 0x75
========
                                                       Flash Used (Remaining)
                                                       ----------------------
                                                       0x50a6     (0xeb28f15a)                                                


large_9.png (Image File)    Flash Index = 0x76
===========
                                                       Flash Used (Remaining)
                                                       ----------------------
                                                       0x1d42     (0xeb28d2be)                                                


large_8.png (Image File)    Flash Index = 0x77
===========
                                                       Flash Used (Remaining)
                                                       ----------------------
                                                       0x1e32     (0xeb28b3ce)                                                


large_7.png (Image File)    Flash Index = 0x78
===========
                                                       Flash Used (Remaining)
                                                       ----------------------
                                                       0xd6e      (0xeb28a492)                                               


large_6.png (Image File)    Flash Index = 0x79
===========
                                                       Flash Used (Remaining)
                                                       ----------------------
                                                       0x1c72     (0xeb28878e)                                                


large_5.png (Image File)    Flash Index = 0x7a
===========
                                                       Flash Used (Remaining)
                                                       ----------------------
                                                       0x14ca     (0xeb287136)                                                


large_4.png (Image File)    Flash Index = 0x7b
===========
                                                       Flash Used (Remaining)
                                                       ----------------------
                                                       0xa5a      (0xeb2865a6)                                               


large_3.png (Image File)    Flash Index = 0x7c
===========
                                                       Flash Used (Remaining)
                                                       ----------------------
                                                       0x192e     (0xeb284ad2)                                                


large_2.png (Image File)    Flash Index = 0x7d
===========
                                                       Flash Used (Remaining)
                                                       ----------------------
                                                       0x128a     (0xeb283776)                                                


large_1.png (Image File)    Flash Index = 0x7e
===========
                                                       Flash Used (Remaining)
                                                       ----------------------
                                                       0x45e      (0xeb2831a2)                                               


large_0.png (Image File)    Flash Index = 0x7f
===========
                                                       Flash Used (Remaining)
                                                       ----------------------
                                                       0x1a0e     (0xeb2815f2)                                                


small_9.png (Image File)    Flash Index = 0x80
===========
                                                       Flash Used (Remaining)
                                                       ----------------------
                                                       0x25a      (0xeb2811a6)                                               


small_8.png (Image File)    Flash Index = 0x81
===========
                                                       Flash Used (Remaining)
                                                       ----------------------
                                                       0x27a      (0xeb280d86)                                               


small_7.png (Image File)    Flash Index = 0x82
===========
                                                       Flash Used (Remaining)
                                                       ----------------------
                                                       0x14a      (0xeb280ab6)                                               


small_6.png (Image File)    Flash Index = 0x83
===========
                                                       Flash Used (Remaining)
                                                       ----------------------
                                                       0x262      (0xeb28079e)                                               


small_5.png (Image File)    Flash Index = 0x84
===========
                                                       Flash Used (Remaining)
                                                       ----------------------
                                                       0x1f2      (0xeb28040e)                                               


small_4.png (Image File)    Flash Index = 0x85
===========
                                                       Flash Used (Remaining)
                                                       ----------------------
                                                       0x126      (0xeb2802da)                                               


small_3.png (Image File)    Flash Index = 0x86
===========
                                                       Flash Used (Remaining)
                                                       ----------------------
                                                       0x23a      (0xeb27ffc6)                                               


small_2.png (Image File)    Flash Index = 0x87
===========
                                                       Flash Used (Remaining)
                                                       ----------------------
                                                       0x1ee      (0xeb27fc12)                                               


small_1.png (Image File)    Flash Index = 0x88
===========
                                                       Flash Used (Remaining)
                                                       ----------------------
                                                       0x9e       (0xeb27fb62)                                              


small_0.png (Image File)    Flash Index = 0x89
===========
                                                       Flash Used (Remaining)
                                                       ----------------------
                                                       0x1fa      (0xeb27f806)                                               


degree.png (Image File)    Flash Index = 0x8a
==========
                                                       Flash Used (Remaining)
                                                       ----------------------
                                                       0x20a      (0xeb27f5f6)                                               


indoor.png (Image File)    Flash Index = 0x8b
==========
                                                       Flash Used (Remaining)
                                                       ----------------------
                                                       0x7be      (0xeb27ec42)                                               


Down_pressed.png (Image File)    Flash Index = 0x8c
================
                                                       Flash Used (Remaining)
                                                       ----------------------
                                                       0x7e7a     (0xeb276d86)                                                


Down_unpressed.png (Image File)    Flash Index = 0x8d
==================
                                                       Flash Used (Remaining)
                                                       ----------------------
                                                       0x1692     (0xeb27556e)                                                


Up_pressed.png (Image File)    Flash Index = 0x8e
==============
                                                       Flash Used (Remaining)
                                                       ----------------------
                                                       0x7e1e     (0xeb26d5e2)                                                


Up_unpressed.png (Image File)    Flash Index = 0x8f
================
                                                       Flash Used (Remaining)
                                                       ----------------------
                                                       0x1692     (0xeb26bd6e)                                                


SNOW_UP.png (Image File)    Flash Index = 0x90
===========
                                                       Flash Used (Remaining)
                                                       ----------------------
                                                       0xb12      (0xeb26b0ee)                                               


HEAT_UP.png (Image File)    Flash Index = 0x91
===========
                                                       Flash Used (Remaining)
                                                       ----------------------
                                                       0x83e      (0xeb26a7c2)                                               


TextureColored_Arcs.png (Image File)    Flash Index = 0x92
=======================
                                                       Flash Used (Remaining)
                                                       ----------------------
                                                       0x108c92   (0xeb16196e)                                                  


BlueRain.gif (Image File)    Flash Index = 0x93
============
                                                       Flash Used (Remaining)
                                                       ----------------------
                                                       0x2eb02    (0xeb132cfe)                                                 


car_scroller_button_146x146.png (Image File)    Flash Index = 0x94
===============================
                                                       Flash Used (Remaining)
                                                       ----------------------
                                                       0x4046     (0xeb12ebba)                                                


HVAC.png (Image File)    Flash Index = 0x95
========
                                                       Flash Used (Remaining)
                                                       ----------------------
                                                       0xbb36     (0xeb122eca)                                                


MainMenu_BG.png (Image File)    Flash Index = 0x96
===============
                                                       Flash Used (Remaining)
                                                       ----------------------
                                                       0x101a96   (0xeb02136a)                                                  


IMAGES_UP.png (Image File)    Flash Index = 0x97
=============
                                                       Flash Used (Remaining)
                                                       ----------------------
                                                       0x1e       (0xeb0211e2)                                              


IMAGES_DOWN.png (Image File)    Flash Index = 0x98
===============
                                                       Flash Used (Remaining)
                                                       ----------------------
                                                       0x21ee     (0xeb01ee12)                                                


PPT_UP.png (Image File)    Flash Index = 0x99
==========
                                                       Flash Used (Remaining)
                                                       ----------------------
                                                       0x1e       (0xeb01ede2)                                              


PPT_DOWN.png (Image File)    Flash Index = 0x9a
============
                                                       Flash Used (Remaining)
                                                       ----------------------
                                                       0x150a     (0xeb01d6f6)                                                


car_scroller3.gif (Image File)    Flash Index = 0x9b
=================
                                                       Flash Used (Remaining)
                                                       ----------------------
                                                       0x78aa     (0xeb015d56)                                                


HomePageMask.png (Image File)    Flash Index = 0x9c
================
                                                       Flash Used (Remaining)
                                                       ----------------------
                                                       0x5fe      (0xeb015602)                                               


FORECAST_UP.png (Image File)    Flash Index = 0x9d
===============
                                                       Flash Used (Remaining)
                                                       ----------------------
                                                       0x97e      (0xeb014c82)                                               


FORECAST_DOWN.png (Image File)    Flash Index = 0x9e
=================
                                                       Flash Used (Remaining)
                                                       ----------------------
                                                       0x1e36     (0xeb012dca)                                                


cabin_menu2.png (Image File)    Flash Index = 0x9f
===============
                                                       Flash Used (Remaining)
                                                       ----------------------
                                                       0x1f4e2    (0xeaff371e)                                                 


chasis_menu2.png (Image File)    Flash Index = 0xa0
================
                                                       Flash Used (Remaining)
                                                       ----------------------
                                                       0x20942    (0xeafd2cbe)                                                 


leveling_down.png (Image File)    Flash Index = 0xa1
=================
                                                       Flash Used (Remaining)
                                                       ----------------------
                                                       0x47be     (0xeafce442)                                                


FONT.mo (Font File)    Flash Index = 0xa2
=======
                                                       Flash Used (Remaining)
                                                       ----------------------
                                                       0x7e       (0xeafce382)                                              


fontHdr.auf (Font Header File)    Flash Index = 0xf
===========
                                                       Flash Used (Remaining)
                                                       ----------------------
                                                       0x42       (0xeafce1be)                                              


internalRAM.bin (InternalRAM File)    Flash Index = 0x6
===============
                                                       Flash Used (Remaining)
                                                       ----------------------
                                                       0x213c     (0xeafcbec4)                                                


lcdConfig.bin (LCD Configuration File)    Flash Index = 0x3
=============
                                                       Flash Used (Remaining)
                                                       ----------------------
                                                       0xba       (0xeafcbd46)                                              


